[debug] [2025-09-05T17:19:35.941Z] ----------------------------------------------------------------------
[debug] [2025-09-05T17:19:35.943Z] Command:       /nix/store/ws50yvm6vzlzf7jzz6n7xh4szddrack1-nodejs-20.19.1/bin/node /nix/store/ddncjx4vr7n8ighdsnmviznfzlpb3d54-firebase-tools-14.15.1/lib/node_modules/firebase-tools/lib/bin/firebase.js deploy
[debug] [2025-09-05T17:19:35.943Z] CLI Version:   14.15.1
[debug] [2025-09-05T17:19:35.943Z] Platform:      linux
[debug] [2025-09-05T17:19:35.943Z] Node Version:  v20.19.1
[debug] [2025-09-05T17:19:35.943Z] Time:          Fri Sep 05 2025 17:19:35 GMT+0000 (Coordinated Universal Time)
[debug] [2025-09-05T17:19:35.944Z] ----------------------------------------------------------------------
[debug] 
[debug] [2025-09-05T17:19:36.260Z] Object "/apphosting" in "firebase.json" is missing required property: {"missingProperty":"backendId"}
[debug] [2025-09-05T17:19:36.260Z] Field "/apphosting" in "firebase.json" is possibly invalid: must be array
[debug] [2025-09-05T17:19:36.260Z] Field "/apphosting" in "firebase.json" is possibly invalid: must match a schema in anyOf
[debug] [2025-09-05T17:19:36.262Z] No OAuth tokens found
[debug] [2025-09-05T17:19:36.263Z] No OAuth tokens found
[error] Failed to fetch Firebase Project from current Studio Workspace: Unable to refresh auth: not yet authenticated.
[debug] [2025-09-05T17:19:36.267Z] > command requires scopes: ["email","openid","https://www.googleapis.com/auth/cloudplatformprojects.readonly","https://www.googleapis.com/auth/firebase","https://www.googleapis.com/auth/cloud-platform","https://www.googleapis.com/auth/userinfo.email"]
[debug] [2025-09-05T17:19:46.463Z] Running auto auth
[debug] [2025-09-05T17:19:46.492Z] [iam] checking project auth-canvas for permissions ["firebase.projects.get",null]
[debug] [2025-09-05T17:19:46.493Z] No OAuth tokens found
[debug] [2025-09-05T17:19:46.496Z] >>> [apiv2][query] POST https://cloudresourcemanager.googleapis.com/v1/projects/auth-canvas:testIamPermissions [none]
[debug] [2025-09-05T17:19:46.497Z] >>> [apiv2][(partial)header] POST https://cloudresourcemanager.googleapis.com/v1/projects/auth-canvas:testIamPermissions x-goog-quota-user=projects/auth-canvas
[debug] [2025-09-05T17:19:46.498Z] >>> [apiv2][body] POST https://cloudresourcemanager.googleapis.com/v1/projects/auth-canvas:testIamPermissions {"permissions":["firebase.projects.get",null]}
[debug] [2025-09-05T17:19:47.304Z] <<< [apiv2][status] POST https://cloudresourcemanager.googleapis.com/v1/projects/auth-canvas:testIamPermissions 200
[debug] [2025-09-05T17:19:47.304Z] <<< [apiv2][body] POST https://cloudresourcemanager.googleapis.com/v1/projects/auth-canvas:testIamPermissions {"permissions":["firebase.projects.get"]}
[debug] [2025-09-05T17:19:47.305Z] [iam] error while checking permissions, command may fail: Authorization failed. This account is missing the following required permissions on project auth-canvas:

  
[info] 
[info] === Deploying to 'auth-canvas'...
[info] 
[info] i  deploying apphosting 
[debug] [2025-09-05T17:19:47.308Z] No OAuth tokens found
[debug] [2025-09-05T17:19:47.308Z] >>> [apiv2][query] GET https://serviceusage.googleapis.com/v1/projects/auth-canvas/services/firebaseapphosting.googleapis.com [none]
[debug] [2025-09-05T17:19:47.308Z] >>> [apiv2][(partial)header] GET https://serviceusage.googleapis.com/v1/projects/auth-canvas/services/firebaseapphosting.googleapis.com x-goog-quota-user=projects/auth-canvas
[debug] [2025-09-05T17:19:48.331Z] <<< [apiv2][status] GET https://serviceusage.googleapis.com/v1/projects/auth-canvas/services/firebaseapphosting.googleapis.com 200
[debug] [2025-09-05T17:19:48.331Z] <<< [apiv2][body] GET https://serviceusage.googleapis.com/v1/projects/auth-canvas/services/firebaseapphosting.googleapis.com [omitted]
[debug] [2025-09-05T17:19:48.339Z] No OAuth tokens found
[debug] [2025-09-05T17:19:48.339Z] No OAuth tokens found
[debug] [2025-09-05T17:19:48.340Z] No OAuth tokens found
[debug] [2025-09-05T17:19:48.340Z] No OAuth tokens found
[debug] [2025-09-05T17:19:48.340Z] No OAuth tokens found
[debug] [2025-09-05T17:19:48.342Z] No OAuth tokens found
[debug] [2025-09-05T17:19:48.343Z] >>> [apiv2][query] GET https://serviceusage.googleapis.com/v1/projects/auth-canvas/services/developerconnect.googleapis.com [none]
[debug] [2025-09-05T17:19:48.343Z] >>> [apiv2][(partial)header] GET https://serviceusage.googleapis.com/v1/projects/auth-canvas/services/developerconnect.googleapis.com x-goog-quota-user=projects/auth-canvas
[debug] [2025-09-05T17:19:48.344Z] >>> [apiv2][query] GET https://serviceusage.googleapis.com/v1/projects/auth-canvas/services/cloudbuild.googleapis.com [none]
[debug] [2025-09-05T17:19:48.344Z] >>> [apiv2][(partial)header] GET https://serviceusage.googleapis.com/v1/projects/auth-canvas/services/cloudbuild.googleapis.com x-goog-quota-user=projects/auth-canvas
[debug] [2025-09-05T17:19:48.346Z] >>> [apiv2][query] GET https://serviceusage.googleapis.com/v1/projects/auth-canvas/services/secretmanager.googleapis.com [none]
[debug] [2025-09-05T17:19:48.346Z] >>> [apiv2][(partial)header] GET https://serviceusage.googleapis.com/v1/projects/auth-canvas/services/secretmanager.googleapis.com x-goog-quota-user=projects/auth-canvas
[debug] [2025-09-05T17:19:48.347Z] >>> [apiv2][query] GET https://serviceusage.googleapis.com/v1/projects/auth-canvas/services/run.googleapis.com [none]
[debug] [2025-09-05T17:19:48.347Z] >>> [apiv2][(partial)header] GET https://serviceusage.googleapis.com/v1/projects/auth-canvas/services/run.googleapis.com x-goog-quota-user=projects/auth-canvas
[debug] [2025-09-05T17:19:48.349Z] >>> [apiv2][query] GET https://serviceusage.googleapis.com/v1/projects/auth-canvas/services/artifactregistry.googleapis.com [none]
[debug] [2025-09-05T17:19:48.349Z] >>> [apiv2][(partial)header] GET https://serviceusage.googleapis.com/v1/projects/auth-canvas/services/artifactregistry.googleapis.com x-goog-quota-user=projects/auth-canvas
[debug] [2025-09-05T17:19:48.351Z] >>> [apiv2][query] GET https://serviceusage.googleapis.com/v1/projects/auth-canvas/services/iam.googleapis.com [none]
[debug] [2025-09-05T17:19:48.351Z] >>> [apiv2][(partial)header] GET https://serviceusage.googleapis.com/v1/projects/auth-canvas/services/iam.googleapis.com x-goog-quota-user=projects/auth-canvas
[debug] [2025-09-05T17:19:49.345Z] <<< [apiv2][status] GET https://serviceusage.googleapis.com/v1/projects/auth-canvas/services/developerconnect.googleapis.com 200
[debug] [2025-09-05T17:19:49.345Z] <<< [apiv2][body] GET https://serviceusage.googleapis.com/v1/projects/auth-canvas/services/developerconnect.googleapis.com [omitted]
[debug] [2025-09-05T17:19:49.371Z] <<< [apiv2][status] GET https://serviceusage.googleapis.com/v1/projects/auth-canvas/services/run.googleapis.com 200
[debug] [2025-09-05T17:19:49.374Z] <<< [apiv2][body] GET https://serviceusage.googleapis.com/v1/projects/auth-canvas/services/run.googleapis.com [omitted]
[debug] [2025-09-05T17:19:49.400Z] <<< [apiv2][status] GET https://serviceusage.googleapis.com/v1/projects/auth-canvas/services/secretmanager.googleapis.com 200
[debug] [2025-09-05T17:19:49.400Z] <<< [apiv2][body] GET https://serviceusage.googleapis.com/v1/projects/auth-canvas/services/secretmanager.googleapis.com [omitted]
[debug] [2025-09-05T17:19:49.405Z] <<< [apiv2][status] GET https://serviceusage.googleapis.com/v1/projects/auth-canvas/services/cloudbuild.googleapis.com 200
[debug] [2025-09-05T17:19:49.405Z] <<< [apiv2][body] GET https://serviceusage.googleapis.com/v1/projects/auth-canvas/services/cloudbuild.googleapis.com [omitted]
[debug] [2025-09-05T17:19:49.419Z] <<< [apiv2][status] GET https://serviceusage.googleapis.com/v1/projects/auth-canvas/services/artifactregistry.googleapis.com 200
[debug] [2025-09-05T17:19:49.420Z] <<< [apiv2][body] GET https://serviceusage.googleapis.com/v1/projects/auth-canvas/services/artifactregistry.googleapis.com [omitted]
[debug] [2025-09-05T17:19:49.432Z] <<< [apiv2][status] GET https://serviceusage.googleapis.com/v1/projects/auth-canvas/services/iam.googleapis.com 200
[debug] [2025-09-05T17:19:49.432Z] <<< [apiv2][body] GET https://serviceusage.googleapis.com/v1/projects/auth-canvas/services/iam.googleapis.com [omitted]
[debug] [2025-09-05T17:19:49.439Z] No OAuth tokens found
[debug] [2025-09-05T17:19:49.439Z] >>> [apiv2][query] POST https://iam.googleapis.com/v1/projects/auth-canvas/serviceAccounts/firebase-app-hosting-compute@auth-canvas.iam.gserviceaccount.com:testIamPermissions [none]
[debug] [2025-09-05T17:19:49.439Z] >>> [apiv2][(partial)header] POST https://iam.googleapis.com/v1/projects/auth-canvas/serviceAccounts/firebase-app-hosting-compute@auth-canvas.iam.gserviceaccount.com:testIamPermissions x-goog-quota-user=projects/auth-canvas
[debug] [2025-09-05T17:19:49.439Z] >>> [apiv2][body] POST https://iam.googleapis.com/v1/projects/auth-canvas/serviceAccounts/firebase-app-hosting-compute@auth-canvas.iam.gserviceaccount.com:testIamPermissions {"permissions":["iam.serviceAccounts.actAs"]}
[debug] [2025-09-05T17:19:50.407Z] <<< [apiv2][status] POST https://iam.googleapis.com/v1/projects/auth-canvas/serviceAccounts/firebase-app-hosting-compute@auth-canvas.iam.gserviceaccount.com:testIamPermissions 200
[debug] [2025-09-05T17:19:50.411Z] <<< [apiv2][body] POST https://iam.googleapis.com/v1/projects/auth-canvas/serviceAccounts/firebase-app-hosting-compute@auth-canvas.iam.gserviceaccount.com:testIamPermissions {"permissions":["iam.serviceAccounts.actAs"]}
[debug] [2025-09-05T17:19:50.412Z] No OAuth tokens found
[debug] [2025-09-05T17:19:50.412Z] >>> [apiv2][query] POST https://iam.googleapis.com/v1/projects/auth-canvas/serviceAccounts [none]
[debug] [2025-09-05T17:19:50.414Z] >>> [apiv2][body] POST https://iam.googleapis.com/v1/projects/auth-canvas/serviceAccounts {"accountId":"firebase-app-hosting-compute","serviceAccount":{"displayName":"Firebase App Hosting compute service account","description":"Default service account used to run builds and deploys for Firebase App Hosting"}}
[debug] [2025-09-05T17:19:51.464Z] <<< [apiv2][status] POST https://iam.googleapis.com/v1/projects/auth-canvas/serviceAccounts 409
[debug] [2025-09-05T17:19:51.464Z] <<< [apiv2][body] POST https://iam.googleapis.com/v1/projects/auth-canvas/serviceAccounts [omitted]
[debug] [2025-09-05T17:19:51.468Z] No OAuth tokens found
[debug] [2025-09-05T17:19:51.468Z] >>> [apiv2][query] POST https://cloudresourcemanager.googleapis.com/v1/projects/auth-canvas:getIamPolicy [none]
[debug] [2025-09-05T17:19:51.814Z] <<< [apiv2][status] POST https://cloudresourcemanager.googleapis.com/v1/projects/auth-canvas:getIamPolicy 200
[debug] [2025-09-05T17:19:51.814Z] <<< [apiv2][body] POST https://cloudresourcemanager.googleapis.com/v1/projects/auth-canvas:getIamPolicy {"version":1,"etag":"BwY+EPqSw34=","bindings":[{"role":"roles/artifactregistry.serviceAgent","members":["serviceAccount:service-645923871999@gcp-sa-artifactregistry.iam.gserviceaccount.com"]},{"role":"roles/artifactregistry.writer","members":["serviceAccount:645923871999-compute@developer.gserviceaccount.com"]},{"role":"roles/cloudaicompanion.serviceAgent","members":["serviceAccount:service-645923871999@gcp-sa-cloudaicompanion.iam.gserviceaccount.com"]},{"role":"roles/cloudbuild.builds.builder","members":["serviceAccount:645923871999@cloudbuild.gserviceaccount.com"]},{"role":"roles/cloudbuild.serviceAgent","members":["serviceAccount:service-645923871999@gcp-sa-cloudbuild.iam.gserviceaccount.com"]},{"role":"roles/cloudfunctions.serviceAgent","members":["serviceAccount:service-645923871999@gcf-admin-robot.iam.gserviceaccount.com"]},{"role":"roles/compute.serviceAgent","members":["serviceAccount:service-645923871999@compute-system.iam.gserviceaccount.com"]},{"role":"roles/containeranalysis.ServiceAgent","members":["serviceAccount:service-645923871999@container-analysis.iam.gserviceaccount.com"]},{"role":"roles/containerregistry.ServiceAgent","members":["serviceAccount:service-645923871999@containerregistry.iam.gserviceaccount.com"]},{"role":"roles/developerconnect.readTokenAccessor","members":["serviceAccount:firebase-app-hosting-compute@auth-canvas.iam.gserviceaccount.com"]},{"role":"roles/developerconnect.serviceAgent","members":["serviceAccount:service-645923871999@gcp-sa-devconnect.iam.gserviceaccount.com"]},{"role":"roles/editor","members":["serviceAccount:645923871999-compute@developer.gserviceaccount.com","serviceAccount:645923871999@cloudservices.gserviceaccount.com","serviceAccount:auth-canvas@appspot.gserviceaccount.com"]},{"role":"roles/firebase.managementServiceAgent","members":["serviceAccount:service-645923871999@gcp-sa-firebase.iam.gserviceaccount.com"]},{"role":"roles/firebase.sdkAdminServiceAgent","members":["serviceAccount:firebase-adminsdk-fbsvc@auth-canvas.iam.gserviceaccount.com","serviceAccount:firebase-app-hosting-compute@auth-canvas.iam.gserviceaccount.com"]},{"role":"roles/firebaseapphosting.computeRunner","members":["serviceAccount:firebase-app-hosting-compute@auth-canvas.iam.gserviceaccount.com"]},{"role":"roles/firebaseapphosting.serviceAgent","members":["serviceAccount:service-645923871999@gcp-sa-firebaseapphosting.iam.gserviceaccount.com"]},{"role":"roles/firebaseauth.admin","members":["serviceAccount:firebase-adminsdk-fbsvc@auth-canvas.iam.gserviceaccount.com"]},{"role":"roles/firebasedatabase.admin","members":["serviceAccount:firebase-adminsdk-fbsvc@auth-canvas.iam.gserviceaccount.com"]},{"role":"roles/firebasemods.serviceAgent","members":["serviceAccount:service-645923871999@gcp-sa-firebasemods.iam.gserviceaccount.com"]},{"role":"roles/firebaserules.system","members":["serviceAccount:service-645923871999@firebase-rules.iam.gserviceaccount.com"]},{"role":"roles/firebasestorage.serviceAgent","members":["serviceAccount:service-645923871999@gcp-sa-firebasestorage.iam.gserviceaccount.com"]},{"role":"roles/firestore.serviceAgent","members":["serviceAccount:service-645923871999@gcp-sa-firestore.iam.gserviceaccount.com"]},{"role":"roles/iam.serviceAccountTokenCreator","members":["serviceAccount:firebase-adminsdk-fbsvc@auth-canvas.iam.gserviceaccount.com"]},{"role":"roles/iam.serviceAccountUser","members":["serviceAccount:645923871999-compute@developer.gserviceaccount.com"]},{"role":"roles/logging.logWriter","members":["serviceAccount:645923871999-compute@developer.gserviceaccount.com"]},{"role":"roles/owner","members":["user:varmasvicky26@gmail.com"]},{"role":"roles/run.admin","members":["serviceAccount:645923871999-compute@developer.gserviceaccount.com"]},{"role":"roles/run.serviceAgent","members":["serviceAccount:service-645923871999@serverless-robot-prod.iam.gserviceaccount.com"]},{"role":"roles/secretmanager.admin_withcond_92cf3f158cf6924862a8","members":["serviceAccount:service-645923871999@gcp-sa-cloudbuild.iam.gserviceaccount.com"]},{"role":"roles/secretmanager.admin_withcond_905d0a562787df5ea247","members":["serviceAccount:service-645923871999@gcp-sa-devconnect.iam.gserviceaccount.com"]},{"role":"roles/storage.admin","members":["serviceAccount:firebase-adminsdk-fbsvc@auth-canvas.iam.gserviceaccount.com"]},{"role":"roles/storage.objectViewer","members":["serviceAccount:firebase-app-hosting-compute@auth-canvas.iam.gserviceaccount.com"]}]}
[debug] [2025-09-05T17:19:51.815Z] No OAuth tokens found
[debug] [2025-09-05T17:19:51.816Z] >>> [apiv2][query] POST https://cloudresourcemanager.googleapis.com/v1/projects/auth-canvas:setIamPolicy [none]
[debug] [2025-09-05T17:19:51.816Z] >>> [apiv2][body] POST https://cloudresourcemanager.googleapis.com/v1/projects/auth-canvas:setIamPolicy {"policy":{"version":1,"etag":"BwY+EPqSw34=","bindings":[{"role":"roles/artifactregistry.serviceAgent","members":["serviceAccount:service-645923871999@gcp-sa-artifactregistry.iam.gserviceaccount.com"]},{"role":"roles/artifactregistry.writer","members":["serviceAccount:645923871999-compute@developer.gserviceaccount.com"]},{"role":"roles/cloudaicompanion.serviceAgent","members":["serviceAccount:service-645923871999@gcp-sa-cloudaicompanion.iam.gserviceaccount.com"]},{"role":"roles/cloudbuild.builds.builder","members":["serviceAccount:645923871999@cloudbuild.gserviceaccount.com"]},{"role":"roles/cloudbuild.serviceAgent","members":["serviceAccount:service-645923871999@gcp-sa-cloudbuild.iam.gserviceaccount.com"]},{"role":"roles/cloudfunctions.serviceAgent","members":["serviceAccount:service-645923871999@gcf-admin-robot.iam.gserviceaccount.com"]},{"role":"roles/compute.serviceAgent","members":["serviceAccount:service-645923871999@compute-system.iam.gserviceaccount.com"]},{"role":"roles/containeranalysis.ServiceAgent","members":["serviceAccount:service-645923871999@container-analysis.iam.gserviceaccount.com"]},{"role":"roles/containerregistry.ServiceAgent","members":["serviceAccount:service-645923871999@containerregistry.iam.gserviceaccount.com"]},{"role":"roles/developerconnect.readTokenAccessor","members":["serviceAccount:firebase-app-hosting-compute@auth-canvas.iam.gserviceaccount.com"]},{"role":"roles/developerconnect.serviceAgent","members":["serviceAccount:service-645923871999@gcp-sa-devconnect.iam.gserviceaccount.com"]},{"role":"roles/editor","members":["serviceAccount:645923871999-compute@developer.gserviceaccount.com","serviceAccount:645923871999@cloudservices.gserviceaccount.com","serviceAccount:auth-canvas@appspot.gserviceaccount.com"]},{"role":"roles/firebase.managementServiceAgent","members":["serviceAccount:service-645923871999@gcp-sa-firebase.iam.gserviceaccount.com"]},{"role":"roles/firebase.sdkAdminServiceAgent","members":["serviceAccount:firebase-adminsdk-fbsvc@auth-canvas.iam.gserviceaccount.com","serviceAccount:firebase-app-hosting-compute@auth-canvas.iam.gserviceaccount.com"]},{"role":"roles/firebaseapphosting.computeRunner","members":["serviceAccount:firebase-app-hosting-compute@auth-canvas.iam.gserviceaccount.com"]},{"role":"roles/firebaseapphosting.serviceAgent","members":["serviceAccount:service-645923871999@gcp-sa-firebaseapphosting.iam.gserviceaccount.com"]},{"role":"roles/firebaseauth.admin","members":["serviceAccount:firebase-adminsdk-fbsvc@auth-canvas.iam.gserviceaccount.com"]},{"role":"roles/firebasedatabase.admin","members":["serviceAccount:firebase-adminsdk-fbsvc@auth-canvas.iam.gserviceaccount.com"]},{"role":"roles/firebasemods.serviceAgent","members":["serviceAccount:service-645923871999@gcp-sa-firebasemods.iam.gserviceaccount.com"]},{"role":"roles/firebaserules.system","members":["serviceAccount:service-645923871999@firebase-rules.iam.gserviceaccount.com"]},{"role":"roles/firebasestorage.serviceAgent","members":["serviceAccount:service-645923871999@gcp-sa-firebasestorage.iam.gserviceaccount.com"]},{"role":"roles/firestore.serviceAgent","members":["serviceAccount:service-645923871999@gcp-sa-firestore.iam.gserviceaccount.com"]},{"role":"roles/iam.serviceAccountTokenCreator","members":["serviceAccount:firebase-adminsdk-fbsvc@auth-canvas.iam.gserviceaccount.com"]},{"role":"roles/iam.serviceAccountUser","members":["serviceAccount:645923871999-compute@developer.gserviceaccount.com"]},{"role":"roles/logging.logWriter","members":["serviceAccount:645923871999-compute@developer.gserviceaccount.com"]},{"role":"roles/owner","members":["user:varmasvicky26@gmail.com"]},{"role":"roles/run.admin","members":["serviceAccount:645923871999-compute@developer.gserviceaccount.com"]},{"role":"roles/run.serviceAgent","members":["serviceAccount:service-645923871999@serverless-robot-prod.iam.gserviceaccount.com"]},{"role":"roles/secretmanager.admin_withcond_92cf3f158cf6924862a8","members":["serviceAccount:service-645923871999@gcp-sa-cloudbuild.iam.gserviceaccount.com"]},{"role":"roles/secretmanager.admin_withcond_905d0a562787df5ea247","members":["serviceAccount:service-645923871999@gcp-sa-devconnect.iam.gserviceaccount.com"]},{"role":"roles/storage.admin","members":["serviceAccount:firebase-adminsdk-fbsvc@auth-canvas.iam.gserviceaccount.com"]},{"role":"roles/storage.objectViewer","members":["serviceAccount:firebase-app-hosting-compute@auth-canvas.iam.gserviceaccount.com"]}]},"updateMask":"bindings"}
[debug] [2025-09-05T17:19:53.171Z] <<< [apiv2][status] POST https://cloudresourcemanager.googleapis.com/v1/projects/auth-canvas:setIamPolicy 200
[debug] [2025-09-05T17:19:53.172Z] <<< [apiv2][body] POST https://cloudresourcemanager.googleapis.com/v1/projects/auth-canvas:setIamPolicy {"version":1,"etag":"BwY+EQvE554=","bindings":[{"role":"roles/artifactregistry.serviceAgent","members":["serviceAccount:service-645923871999@gcp-sa-artifactregistry.iam.gserviceaccount.com"]},{"role":"roles/artifactregistry.writer","members":["serviceAccount:645923871999-compute@developer.gserviceaccount.com"]},{"role":"roles/cloudaicompanion.serviceAgent","members":["serviceAccount:service-645923871999@gcp-sa-cloudaicompanion.iam.gserviceaccount.com"]},{"role":"roles/cloudbuild.builds.builder","members":["serviceAccount:645923871999@cloudbuild.gserviceaccount.com"]},{"role":"roles/cloudbuild.serviceAgent","members":["serviceAccount:service-645923871999@gcp-sa-cloudbuild.iam.gserviceaccount.com"]},{"role":"roles/cloudfunctions.serviceAgent","members":["serviceAccount:service-645923871999@gcf-admin-robot.iam.gserviceaccount.com"]},{"role":"roles/compute.serviceAgent","members":["serviceAccount:service-645923871999@compute-system.iam.gserviceaccount.com"]},{"role":"roles/containeranalysis.ServiceAgent","members":["serviceAccount:service-645923871999@container-analysis.iam.gserviceaccount.com"]},{"role":"roles/containerregistry.ServiceAgent","members":["serviceAccount:service-645923871999@containerregistry.iam.gserviceaccount.com"]},{"role":"roles/developerconnect.readTokenAccessor","members":["serviceAccount:firebase-app-hosting-compute@auth-canvas.iam.gserviceaccount.com"]},{"role":"roles/developerconnect.serviceAgent","members":["serviceAccount:service-645923871999@gcp-sa-devconnect.iam.gserviceaccount.com"]},{"role":"roles/editor","members":["serviceAccount:645923871999-compute@developer.gserviceaccount.com","serviceAccount:645923871999@cloudservices.gserviceaccount.com","serviceAccount:auth-canvas@appspot.gserviceaccount.com"]},{"role":"roles/firebase.managementServiceAgent","members":["serviceAccount:service-645923871999@gcp-sa-firebase.iam.gserviceaccount.com"]},{"role":"roles/firebase.sdkAdminServiceAgent","members":["serviceAccount:firebase-adminsdk-fbsvc@auth-canvas.iam.gserviceaccount.com","serviceAccount:firebase-app-hosting-compute@auth-canvas.iam.gserviceaccount.com"]},{"role":"roles/firebaseapphosting.computeRunner","members":["serviceAccount:firebase-app-hosting-compute@auth-canvas.iam.gserviceaccount.com"]},{"role":"roles/firebaseapphosting.serviceAgent","members":["serviceAccount:service-645923871999@gcp-sa-firebaseapphosting.iam.gserviceaccount.com"]},{"role":"roles/firebaseauth.admin","members":["serviceAccount:firebase-adminsdk-fbsvc@auth-canvas.iam.gserviceaccount.com"]},{"role":"roles/firebasedatabase.admin","members":["serviceAccount:firebase-adminsdk-fbsvc@auth-canvas.iam.gserviceaccount.com"]},{"role":"roles/firebasemods.serviceAgent","members":["serviceAccount:service-645923871999@gcp-sa-firebasemods.iam.gserviceaccount.com"]},{"role":"roles/firebaserules.system","members":["serviceAccount:service-645923871999@firebase-rules.iam.gserviceaccount.com"]},{"role":"roles/firebasestorage.serviceAgent","members":["serviceAccount:service-645923871999@gcp-sa-firebasestorage.iam.gserviceaccount.com"]},{"role":"roles/firestore.serviceAgent","members":["serviceAccount:service-645923871999@gcp-sa-firestore.iam.gserviceaccount.com"]},{"role":"roles/iam.serviceAccountTokenCreator","members":["serviceAccount:firebase-adminsdk-fbsvc@auth-canvas.iam.gserviceaccount.com"]},{"role":"roles/iam.serviceAccountUser","members":["serviceAccount:645923871999-compute@developer.gserviceaccount.com"]},{"role":"roles/logging.logWriter","members":["serviceAccount:645923871999-compute@developer.gserviceaccount.com"]},{"role":"roles/owner","members":["user:varmasvicky26@gmail.com"]},{"role":"roles/run.admin","members":["serviceAccount:645923871999-compute@developer.gserviceaccount.com"]},{"role":"roles/run.serviceAgent","members":["serviceAccount:service-645923871999@serverless-robot-prod.iam.gserviceaccount.com"]},{"role":"roles/secretmanager.admin_withcond_92cf3f158cf6924862a8","members":["serviceAccount:service-645923871999@gcp-sa-cloudbuild.iam.gserviceaccount.com"]},{"role":"roles/secretmanager.admin_withcond_905d0a562787df5ea247","members":["serviceAccount:service-645923871999@gcp-sa-devconnect.iam.gserviceaccount.com"]},{"role":"roles/storage.admin","members":["serviceAccount:firebase-adminsdk-fbsvc@auth-canvas.iam.gserviceaccount.com"]},{"role":"roles/storage.objectViewer","members":["serviceAccount:firebase-app-hosting-compute@auth-canvas.iam.gserviceaccount.com"]}]}
[debug] [2025-09-05T17:19:53.173Z] No OAuth tokens found
[debug] [2025-09-05T17:19:53.173Z] >>> [apiv2][query] GET https://firebaseapphosting.googleapis.com/v1beta/projects/auth-canvas/locations/-/backends 
[debug] [2025-09-05T17:19:54.338Z] <<< [apiv2][status] GET https://firebaseapphosting.googleapis.com/v1beta/projects/auth-canvas/locations/-/backends 200
[debug] [2025-09-05T17:19:54.338Z] <<< [apiv2][body] GET https://firebaseapphosting.googleapis.com/v1beta/projects/auth-canvas/locations/-/backends {"backends":[{"name":"projects/auth-canvas/locations/us-central1/backends/studio","createTime":"2025-08-06T11:40:36.244390619Z","updateTime":"2025-09-01T19:24:28.789367Z","uri":"studio--auth-canvas.us-central1.hosted.app","managedResources":[{"runService":{"service":"projects/645923871999/locations/us-central1/services/studio"}}],"displayName":"Studio","uid":"b537b20b-2664-4cf3-b0f0-d63c056cd762","etag":"mBp7U8Q86_jUx89s1ICFNc6repxZ3X257cQb9GaGqHY","reconciling":false,"servingLocality":"GLOBAL_ACCESS","serviceAccount":"firebase-app-hosting-compute@auth-canvas.iam.gserviceaccount.com","appId":"1:645923871999:web:848febd795743ae4e4c0ca","environment":"firebase_api_key"}]}
[debug] [2025-09-05T17:20:03.014Z] TypeError: Cannot read properties of undefined (reading 'name')
    at /nix/store/ddncjx4vr7n8ighdsnmviznfzlpb3d54-firebase-tools-14.15.1/lib/node_modules/firebase-tools/node_modules/@inquirer/checkbox/dist/commonjs/index.js:51:29
    at Array.map (<anonymous>)
    at normalizeChoices (/nix/store/ddncjx4vr7n8ighdsnmviznfzlpb3d54-firebase-tools-14.15.1/lib/node_modules/firebase-tools/node_modules/@inquirer/checkbox/dist/commonjs/index.js:39:20)
    at /nix/store/ddncjx4vr7n8ighdsnmviznfzlpb3d54-firebase-tools-14.15.1/lib/node_modules/firebase-tools/node_modules/@inquirer/checkbox/dist/commonjs/index.js:69:52
    at /nix/store/ddncjx4vr7n8ighdsnmviznfzlpb3d54-firebase-tools-14.15.1/lib/node_modules/firebase-tools/node_modules/@inquirer/core/dist/commonjs/lib/create-prompt.js:113:38
    at store.handleChange (/nix/store/ddncjx4vr7n8ighdsnmviznfzlpb3d54-firebase-tools-14.15.1/lib/node_modules/firebase-tools/node_modules/@inquirer/core/dist/commonjs/lib/hook-engine.js:31:17)
    at cycle (/nix/store/ddncjx4vr7n8ighdsnmviznfzlpb3d54-firebase-tools-14.15.1/lib/node_modules/firebase-tools/node_modules/@inquirer/core/dist/commonjs/lib/hook-engine.js:33:19)
    at /nix/store/ddncjx4vr7n8ighdsnmviznfzlpb3d54-firebase-tools-14.15.1/lib/node_modules/firebase-tools/node_modules/@inquirer/core/dist/commonjs/lib/create-prompt.js:111:13
    at /nix/store/ddncjx4vr7n8ighdsnmviznfzlpb3d54-firebase-tools-14.15.1/lib/node_modules/firebase-tools/node_modules/@inquirer/core/dist/commonjs/lib/hook-engine.js:35:16
    at AsyncLocalStorage.run (node:async_hooks:346:14)
[error] 
[error] Error: An unexpected error has occurred.
